Added Pin To Net: NetName=VIN_FUSED Pin=X3-1
Added Pin To Net: NetName=5V_PER_FUSED Pin=X3-2
Added Pin To Net: NetName=3V3_PER_FUSED Pin=X3-3
Added Pin To Net: NetName=DIG_IO_01 Pin=X3-4
Added Pin To Net: NetName=DIG_IO_04 Pin=X3-5
Added Pin To Net: NetName=DIG_IO_07 Pin=X3-6
Added Pin To Net: NetName=DIG_IO_10 Pin=X3-7
Added Pin To Net: NetName=DIG_IO_11 Pin=X3-8
Added Pin To Net: NetName=DIG_IO_14 Pin=X3-9
Added Pin To Net: NetName=DIG_IO_17 Pin=X3-10
Added Pin To Net: NetName=DIG_IO_20 Pin=X3-11
Added Pin To Net: NetName=DIG_IO_21 Pin=X3-12
Added Pin To Net: NetName=DIG_IO_24 Pin=X3-13
Added Pin To Net: NetName=DIG_IO_27 Pin=X3-14
Added Pin To Net: NetName=DIG_IO_30 Pin=X3-15
Added Pin To Net: NetName=PS_DIG_GPIO_01 Pin=X3-16
Added Pin To Net: NetName=I2C0_SDA Pin=X3-17
Added Pin To Net: NetName=GND Pin=X3-18
Added Pin To Net: NetName=GND Pin=X3-19
Added Pin To Net: NetName=GND Pin=X3-20
Added Pin To Net: NetName=DIG_IO_03 Pin=X3-21
Added Pin To Net: NetName=DIG_IO_06 Pin=X3-22
Added Pin To Net: NetName=DIG_IO_09 Pin=X3-23
Added Pin To Net: NetName=GND Pin=X3-24
Added Pin To Net: NetName=DIG_IO_13 Pin=X3-25
Added Pin To Net: NetName=DIG_IO_16 Pin=X3-26
Added Pin To Net: NetName=DIG_IO_19 Pin=X3-27
Added Pin To Net: NetName=GND Pin=X3-28
Added Pin To Net: NetName=DIG_IO_23 Pin=X3-29
Added Pin To Net: NetName=DIG_IO_26 Pin=X3-30
Added Pin To Net: NetName=DIG_IO_29 Pin=X3-31
Added Pin To Net: NetName=GND Pin=X3-32
Added Pin To Net: NetName=I2C0_SCL Pin=X3-33
Added Pin To Net: NetName=VIN_FUSED Pin=X3-34
Added Pin To Net: NetName=5V_PER_FUSED Pin=X3-35
Added Pin To Net: NetName=3V3_PER_FUSED Pin=X3-36
Added Pin To Net: NetName=DIG_IO_02 Pin=X3-37
Added Pin To Net: NetName=DIG_IO_05 Pin=X3-38
Added Pin To Net: NetName=DIG_IO_08 Pin=X3-39
Added Pin To Net: NetName=GND Pin=X3-40
Added Pin To Net: NetName=DIG_IO_12 Pin=X3-41
Added Pin To Net: NetName=DIG_IO_15 Pin=X3-42
Added Pin To Net: NetName=DIG_IO_18 Pin=X3-43
Added Pin To Net: NetName=GND Pin=X3-44
Added Pin To Net: NetName=DIG_IO_22 Pin=X3-45
Added Pin To Net: NetName=DIG_IO_25 Pin=X3-46
Added Pin To Net: NetName=DIG_IO_28 Pin=X3-47
Added Pin To Net: NetName=GND Pin=X3-48
Added Pin To Net: NetName=PS_DIG_GPIO_02 Pin=X3-49
Added Pin To Net: NetName=COLLECTIVE_FLT Pin=X3-50
