Added Component: Designator=F1(1812_PTC_Polyfuse_Littelfuse)
Added Component: Designator=F2(1812_PTC_Polyfuse_Littelfuse)
Added Component: Designator=F3(1812_PTC_Polyfuse_Littelfuse)
Added Component: Designator=R1(R_0603_N)
Added Component: Designator=R2(R_0603_N)
Added Component: Designator=R3(R_0603_N)
Added Component: Designator=X1(HSEC8-150-01-XX-DV-A-BL-CARD)
Added Component: Designator=X2(TSW-106-XX-XXX-D)
Added Component: Designator=X3(164A18759X)
Added Component: Designator=X4(TSW-110-XX-XXX-T)
Added Component: Designator=X5(TSW-110-XX-XXX-T)
Added Pin To Net: NetName=3V3_PER_FUSED Pin=F3-2
Added Pin To Net: NetName=3V3_PER_FUSED Pin=R1-1
Added Pin To Net: NetName=3V3_PER_FUSED Pin=X2-9
Added Pin To Net: NetName=3V3_PER_FUSED Pin=X2-10
Added Net: Name=3V3_PER_FUSED
Added Pin To Net: NetName=3V3_PER Pin=F3-1
Added Pin To Net: NetName=3V3_PER Pin=X1-13
Added Pin To Net: NetName=3V3_PER Pin=X1-14
Added Net: Name=3V3_PER
Added Pin To Net: NetName=5V_PER_FUSED Pin=F2-2
Added Pin To Net: NetName=5V_PER_FUSED Pin=X2-5
Added Pin To Net: NetName=5V_PER_FUSED Pin=X2-6
Added Net: Name=5V_PER_FUSED
Added Pin To Net: NetName=5V_PER Pin=F2-1
Added Pin To Net: NetName=5V_PER Pin=X1-9
Added Pin To Net: NetName=5V_PER Pin=X1-10
Added Net: Name=5V_PER
Added Pin To Net: NetName=COLLECTIVE_FLT Pin=X1-96
Added Pin To Net: NetName=COLLECTIVE_FLT Pin=X5-30
Added Net: Name=COLLECTIVE_FLT
Added Pin To Net: NetName=CPLD_DIGIN_01 Pin=X1-83
Added Pin To Net: NetName=CPLD_DIGIN_01 Pin=X5-19
Added Net: Name=CPLD_DIGIN_01
Added Pin To Net: NetName=CPLD_DIGIN_02 Pin=X1-85
Added Pin To Net: NetName=CPLD_DIGIN_02 Pin=X5-22
Added Net: Name=CPLD_DIGIN_02
Added Pin To Net: NetName=CPLD_DIGOUT_01 Pin=X1-84
Added Pin To Net: NetName=CPLD_DIGOUT_01 Pin=X5-20
Added Net: Name=CPLD_DIGOUT_01
Added Pin To Net: NetName=CPLD_DIGOUT_02 Pin=X1-86
Added Pin To Net: NetName=CPLD_DIGOUT_02 Pin=X5-23
Added Net: Name=CPLD_DIGOUT_02
Added Pin To Net: NetName=DIG_IO_01 Pin=X1-17
Added Pin To Net: NetName=DIG_IO_01 Pin=X4-1
Added Net: Name=DIG_IO_01
Added Pin To Net: NetName=DIG_IO_02 Pin=X1-18
Added Pin To Net: NetName=DIG_IO_02 Pin=X4-2
Added Net: Name=DIG_IO_02
Added Pin To Net: NetName=DIG_IO_03 Pin=X1-21
Added Pin To Net: NetName=DIG_IO_03 Pin=X4-4
Added Net: Name=DIG_IO_03
Added Pin To Net: NetName=DIG_IO_04 Pin=X1-22
Added Pin To Net: NetName=DIG_IO_04 Pin=X4-5
Added Net: Name=DIG_IO_04
Added Pin To Net: NetName=DIG_IO_05 Pin=X1-25
Added Pin To Net: NetName=DIG_IO_05 Pin=X4-7
Added Net: Name=DIG_IO_05
Added Pin To Net: NetName=DIG_IO_06 Pin=X1-26
Added Pin To Net: NetName=DIG_IO_06 Pin=X4-8
Added Net: Name=DIG_IO_06
Added Pin To Net: NetName=DIG_IO_07 Pin=X1-29
Added Pin To Net: NetName=DIG_IO_07 Pin=X4-10
Added Net: Name=DIG_IO_07
Added Pin To Net: NetName=DIG_IO_08 Pin=X1-30
Added Pin To Net: NetName=DIG_IO_08 Pin=X4-11
Added Net: Name=DIG_IO_08
Added Pin To Net: NetName=DIG_IO_09 Pin=X1-33
Added Pin To Net: NetName=DIG_IO_09 Pin=X4-13
Added Net: Name=DIG_IO_09
Added Pin To Net: NetName=DIG_IO_10 Pin=X1-34
Added Pin To Net: NetName=DIG_IO_10 Pin=X4-14
Added Net: Name=DIG_IO_10
Added Pin To Net: NetName=DIG_IO_11 Pin=X1-37
Added Pin To Net: NetName=DIG_IO_11 Pin=X4-16
Added Net: Name=DIG_IO_11
Added Pin To Net: NetName=DIG_IO_12 Pin=X1-38
Added Pin To Net: NetName=DIG_IO_12 Pin=X4-17
Added Net: Name=DIG_IO_12
Added Pin To Net: NetName=DIG_IO_13 Pin=X1-41
Added Pin To Net: NetName=DIG_IO_13 Pin=X4-19
Added Net: Name=DIG_IO_13
Added Pin To Net: NetName=DIG_IO_14 Pin=X1-42
Added Pin To Net: NetName=DIG_IO_14 Pin=X4-20
Added Net: Name=DIG_IO_14
Added Pin To Net: NetName=DIG_IO_15 Pin=X1-45
Added Pin To Net: NetName=DIG_IO_15 Pin=X4-22
Added Net: Name=DIG_IO_15
Added Pin To Net: NetName=DIG_IO_16 Pin=X1-46
Added Pin To Net: NetName=DIG_IO_16 Pin=X4-23
Added Net: Name=DIG_IO_16
Added Pin To Net: NetName=DIG_IO_17 Pin=X1-49
Added Pin To Net: NetName=DIG_IO_17 Pin=X4-25
Added Net: Name=DIG_IO_17
Added Pin To Net: NetName=DIG_IO_18 Pin=X1-50
Added Pin To Net: NetName=DIG_IO_18 Pin=X4-26
Added Net: Name=DIG_IO_18
Added Pin To Net: NetName=DIG_IO_19 Pin=X1-53
Added Pin To Net: NetName=DIG_IO_19 Pin=X4-28
Added Net: Name=DIG_IO_19
Added Pin To Net: NetName=DIG_IO_20 Pin=X1-54
Added Pin To Net: NetName=DIG_IO_20 Pin=X4-29
Added Net: Name=DIG_IO_20
Added Pin To Net: NetName=DIG_IO_21 Pin=X1-57
Added Pin To Net: NetName=DIG_IO_21 Pin=X5-1
Added Net: Name=DIG_IO_21
Added Pin To Net: NetName=DIG_IO_22 Pin=X1-58
Added Pin To Net: NetName=DIG_IO_22 Pin=X5-2
Added Net: Name=DIG_IO_22
Added Pin To Net: NetName=DIG_IO_23 Pin=X1-61
Added Pin To Net: NetName=DIG_IO_23 Pin=X5-4
Added Net: Name=DIG_IO_23
Added Pin To Net: NetName=DIG_IO_24 Pin=X1-62
Added Pin To Net: NetName=DIG_IO_24 Pin=X5-5
Added Net: Name=DIG_IO_24
Added Pin To Net: NetName=DIG_IO_25 Pin=X1-65
Added Pin To Net: NetName=DIG_IO_25 Pin=X5-7
Added Net: Name=DIG_IO_25
Added Pin To Net: NetName=DIG_IO_26 Pin=X1-66
Added Pin To Net: NetName=DIG_IO_26 Pin=X5-8
Added Net: Name=DIG_IO_26
Added Pin To Net: NetName=DIG_IO_27 Pin=X1-69
Added Pin To Net: NetName=DIG_IO_27 Pin=X5-10
Added Net: Name=DIG_IO_27
Added Pin To Net: NetName=DIG_IO_28 Pin=X1-70
Added Pin To Net: NetName=DIG_IO_28 Pin=X5-11
Added Net: Name=DIG_IO_28
Added Pin To Net: NetName=DIG_IO_29 Pin=X1-73
Added Pin To Net: NetName=DIG_IO_29 Pin=X5-13
Added Net: Name=DIG_IO_29
Added Pin To Net: NetName=DIG_IO_30 Pin=X1-74
Added Pin To Net: NetName=DIG_IO_30 Pin=X5-14
Added Net: Name=DIG_IO_30
Added Pin To Net: NetName=DIG_RES_01 Pin=X1-79
Added Pin To Net: NetName=DIG_RES_01 Pin=X5-9
Added Net: Name=DIG_RES_01
Added Pin To Net: NetName=DIG_RES_02 Pin=X1-80
Added Pin To Net: NetName=DIG_RES_02 Pin=X5-12
Added Net: Name=DIG_RES_02
Added Pin To Net: NetName=DIG_RES_03 Pin=X1-91
Added Pin To Net: NetName=DIG_RES_03 Pin=X5-15
Added Net: Name=DIG_RES_03
Added Pin To Net: NetName=DIG_RES_04 Pin=X1-92
Added Pin To Net: NetName=DIG_RES_04 Pin=X5-18
Added Net: Name=DIG_RES_04
Added Pin To Net: NetName=DIG_RES_05 Pin=X1-93
Added Pin To Net: NetName=DIG_RES_05 Pin=X5-21
Added Net: Name=DIG_RES_05
Added Pin To Net: NetName=DIG_RES_06 Pin=X1-94
Added Pin To Net: NetName=DIG_RES_06 Pin=X5-24
Added Net: Name=DIG_RES_06
Added Pin To Net: NetName=DIG_RES_07 Pin=X1-95
Added Pin To Net: NetName=DIG_RES_07 Pin=X5-27
Added Net: Name=DIG_RES_07
Added Pin To Net: NetName=GND Pin=R3-1
Added Pin To Net: NetName=GND Pin=X1-1
Added Pin To Net: NetName=GND Pin=X1-2
Added Pin To Net: NetName=GND Pin=X1-3
Added Pin To Net: NetName=GND Pin=X1-4
Added Pin To Net: NetName=GND Pin=X1-7
Added Pin To Net: NetName=GND Pin=X1-8
Added Pin To Net: NetName=GND Pin=X1-11
Added Pin To Net: NetName=GND Pin=X1-12
Added Pin To Net: NetName=GND Pin=X1-15
Added Pin To Net: NetName=GND Pin=X1-16
Added Pin To Net: NetName=GND Pin=X1-19
Added Pin To Net: NetName=GND Pin=X1-20
Added Pin To Net: NetName=GND Pin=X1-23
Added Pin To Net: NetName=GND Pin=X1-24
Added Pin To Net: NetName=GND Pin=X1-27
Added Pin To Net: NetName=GND Pin=X1-28
Added Pin To Net: NetName=GND Pin=X1-31
Added Pin To Net: NetName=GND Pin=X1-32
Added Pin To Net: NetName=GND Pin=X1-35
Added Pin To Net: NetName=GND Pin=X1-36
Added Pin To Net: NetName=GND Pin=X1-39
Added Pin To Net: NetName=GND Pin=X1-40
Added Pin To Net: NetName=GND Pin=X1-43
Added Pin To Net: NetName=GND Pin=X1-44
Added Pin To Net: NetName=GND Pin=X1-47
Added Pin To Net: NetName=GND Pin=X1-48
Added Pin To Net: NetName=GND Pin=X1-51
Added Pin To Net: NetName=GND Pin=X1-52
Added Pin To Net: NetName=GND Pin=X1-55
Added Pin To Net: NetName=GND Pin=X1-56
Added Pin To Net: NetName=GND Pin=X1-59
Added Pin To Net: NetName=GND Pin=X1-60
Added Pin To Net: NetName=GND Pin=X1-63
Added Pin To Net: NetName=GND Pin=X1-64
Added Pin To Net: NetName=GND Pin=X1-67
Added Pin To Net: NetName=GND Pin=X1-68
Added Pin To Net: NetName=GND Pin=X1-71
Added Pin To Net: NetName=GND Pin=X1-72
Added Pin To Net: NetName=GND Pin=X1-75
Added Pin To Net: NetName=GND Pin=X1-76
Added Pin To Net: NetName=GND Pin=X1-81
Added Pin To Net: NetName=GND Pin=X1-82
Added Pin To Net: NetName=GND Pin=X1-87
Added Pin To Net: NetName=GND Pin=X1-88
Added Pin To Net: NetName=GND Pin=X1-97
Added Pin To Net: NetName=GND Pin=X1-98
Added Pin To Net: NetName=GND Pin=X2-3
Added Pin To Net: NetName=GND Pin=X2-4
Added Pin To Net: NetName=GND Pin=X2-7
Added Pin To Net: NetName=GND Pin=X2-8
Added Pin To Net: NetName=GND Pin=X2-11
Added Pin To Net: NetName=GND Pin=X2-12
Added Pin To Net: NetName=GND Pin=X3-51
Added Pin To Net: NetName=GND Pin=X3-52
Added Pin To Net: NetName=GND Pin=X4-3
Added Pin To Net: NetName=GND Pin=X4-6
Added Pin To Net: NetName=GND Pin=X4-9
Added Pin To Net: NetName=GND Pin=X4-12
Added Pin To Net: NetName=GND Pin=X4-15
Added Pin To Net: NetName=GND Pin=X4-18
Added Pin To Net: NetName=GND Pin=X4-21
Added Pin To Net: NetName=GND Pin=X4-24
Added Pin To Net: NetName=GND Pin=X4-27
Added Pin To Net: NetName=GND Pin=X4-30
Added Pin To Net: NetName=GND Pin=X5-3
Added Pin To Net: NetName=GND Pin=X5-6
Added Net: Name=GND
Added Pin To Net: NetName=I2C0_SCL Pin=X1-89
Added Pin To Net: NetName=I2C0_SCL Pin=X5-25
Added Net: Name=I2C0_SCL
Added Pin To Net: NetName=I2C0_SDA Pin=X1-90
Added Pin To Net: NetName=I2C0_SDA Pin=X5-26
Added Net: Name=I2C0_SDA
Added Pin To Net: NetName=PILOT_IN Pin=R2-2
Added Pin To Net: NetName=PILOT_IN Pin=X1-100
Added Pin To Net: NetName=PILOT_IN Pin=X5-29
Added Net: Name=PILOT_IN
Added Pin To Net: NetName=PILOT_OUT Pin=R1-2
Added Pin To Net: NetName=PILOT_OUT Pin=R2-1
Added Pin To Net: NetName=PILOT_OUT Pin=R3-2
Added Pin To Net: NetName=PILOT_OUT Pin=X1-99
Added Pin To Net: NetName=PILOT_OUT Pin=X5-28
Added Net: Name=PILOT_OUT
Added Pin To Net: NetName=PS_DIG_GPIO_01 Pin=X1-77
Added Pin To Net: NetName=PS_DIG_GPIO_01 Pin=X5-16
Added Net: Name=PS_DIG_GPIO_01
Added Pin To Net: NetName=PS_DIG_GPIO_02 Pin=X1-78
Added Pin To Net: NetName=PS_DIG_GPIO_02 Pin=X5-17
Added Net: Name=PS_DIG_GPIO_02
Added Pin To Net: NetName=VIN_FUSED Pin=F1-2
Added Pin To Net: NetName=VIN_FUSED Pin=X2-1
Added Pin To Net: NetName=VIN_FUSED Pin=X2-2
Added Net: Name=VIN_FUSED
Added Pin To Net: NetName=VIN Pin=F1-1
Added Pin To Net: NetName=VIN Pin=X1-5
Added Pin To Net: NetName=VIN Pin=X1-6
Added Net: Name=VIN
Added Class: Name=Connector
